// Jest Snapshot v1, https://goo.gl/fbAQLP

exports[`Operation Model: ChartSetLegendPosition Tests ChartSetLegendPosition Model 1`] = `
{
  "definitions": {
    "ChartSetLegendPositionOperationOptions": {
      "properties": {
        "alignment": {
          "description": "The horizontal alignment of the Legend relative to the Chart component's area.",
          "enum": [
            "left",
            "center",
            "right",
          ],
          "type": "string",
        },
        "targetKey": {
          "description": "The Property ID for the target Chart component.",
          "minLength": 1,
          "type": "string",
        },
        "verticalAlignment": {
          "description": "The vertical alignment of the Legend relative to the Chart component's area.",
          "enum": [
            "top",
            "middle",
            "bottom",
          ],
          "type": "string",
        },
      },
      "required": [
        "targetKey",
      ],
      "type": "object",
    },
  },
  "description": "Updates the legend position on a Chart component.",
  "properties": {
    "creatorSummary": {
      "description": "A detailed summary of the operation",
      "type": "string",
    },
    "name": {
      "description": "Name of the operation",
      "type": "string",
    },
    "options": {
      "$ref": "#/definitions/ChartSetLegendPositionOperationOptions",
    },
    "type": {
      "const": "CHART_SET_LEGEND_POSITION",
      "examples": [
        "CHART_SET_LEGEND_POSITION",
      ],
      "type": "object",
    },
  },
  "required": [
    "type",
    "options",
  ],
  "stability": "STABLE",
  "type": "object",
}
`;
