// Jest Snapshot v1, https://goo.gl/fbAQLP

exports[`Operation Model: CanvasSetItemStatus Tests CanvasSetItemStatus Model 1`] = `
{
  "definitions": {
    "CanvasSetItemStatusOperationOptions": {
      "properties": {
        "itemId": {
          "description": "ID of the item to set this status on",
          "examples": [
            "f7bb5ebd-fcea-49f9-9cff-44fe81b51152",
          ],
          "type": "string",
        },
        "itemKey": {
          "description": "Component key for the item to set this status on",
          "examples": [
            "myPanel",
          ],
          "type": "string",
        },
        "status": {
          "description": "Status object to set or null to clear status",
          "type": "object",
        },
        "targetKey": {
          "description": "Target key of the canvas component that holds this item",
          "minLength": 1,
          "type": "string",
        },
      },
      "required": [
        "targetKey",
        "status",
      ],
      "type": "object",
    },
  },
  "properties": {
    "creatorSummary": {
      "description": "A detailed summary of the operation",
      "type": "string",
    },
    "name": {
      "description": "Name of the operation",
      "type": "string",
    },
    "options": {
      "$ref": "#/definitions/CanvasSetItemStatusOperationOptions",
    },
    "type": {
      "const": "CANVAS_SET_ITEM_STATUS",
      "examples": [
        "CANVAS_SET_ITEM_STATUS",
      ],
      "type": "object",
    },
  },
  "required": [
    "type",
    "options",
  ],
  "type": "object",
}
`;
