// Jest Snapshot v1, https://goo.gl/fbAQLP

exports[`Operation Model: ChartToggleSeriesVisibility Tests ChartToggleSeriesVisibility Model 1`] = `
{
  "definitions": {
    "ChartToggleSeriesVisibilityOperationOptions": {
      "properties": {
        "targetIds": {
          "description": "The IDs of the series to target the visibility toggle.",
          "examples": [
            [
              "seriesA",
              "seriesB",
            ],
          ],
          "items": {
            "type": "string",
          },
          "type": "array",
        },
        "targetKey": {
          "description": "The Property ID for the target Chart component.",
          "minLength": 1,
          "type": "string",
        },
        "visible": {
          "description": "The new state of the series visibility.",
          "type": "boolean",
        },
      },
      "required": [
        "targetKey",
        "targetIds",
        "visible",
      ],
      "type": "object",
    },
  },
  "description": "Updates series visibility on a Chart component.",
  "properties": {
    "creatorSummary": {
      "description": "A detailed summary of the operation",
      "type": "string",
    },
    "name": {
      "description": "Name of the operation",
      "type": "string",
    },
    "options": {
      "$ref": "#/definitions/ChartToggleSeriesVisibilityOperationOptions",
    },
    "type": {
      "const": "CHART_TOGGLE_SERIES_VISIBILITY",
      "examples": [
        "CHART_TOGGLE_SERIES_VISIBILITY",
      ],
      "type": "object",
    },
  },
  "required": [
    "type",
    "options",
  ],
  "stability": "STABLE",
  "type": "object",
}
`;
