// Jest Snapshot v1, https://goo.gl/fbAQLP

exports[`Operation Model: Autocomplete Tests should match this JSON Schema 1`] = `
{
  "definitions": {
    "AutocompleteOperationOptions": {
      "properties": {
        "inputs": {
          "description": "
    Inputs to be used within formulas in other operation options
  ",
          "items": {
            "$ref": "#/definitions/InputRef",
          },
          "type": "array",
        },
        "outputData": {
          "$ref": "#/definitions/Output",
        },
        "property": {
          "default": "value",
          "type": "string",
        },
        "query": {
          "$ref": "#/definitions/Query",
        },
        "searchData": {
          "$ref": "#/definitions/SearchData",
        },
        "shouldExecute": {
          "description": "
    Conditionally execute this operation based on a formula.
    Can set to false to temporarily disabled when debugging
  ",
          "type": [
            "string",
            "boolean",
          ],
        },
        "targetKey": {
          "description": "Key or path that this operation should target or operate upon",
          "examples": [
            "myComponent",
            "panel.*",
            "grid.row(#).col(name)",
          ],
          "minLength": 1,
          "type": "string",
        },
      },
      "required": [
        "targetKey",
        "searchData",
        "query",
        "outputData",
      ],
      "type": "object",
    },
    "InputRef": {
      "description": "Inputs can be used to utlize dynamic values from other state within the runtime
  within a particular execution of an operation",
      "properties": {
        "alias": {
          "description": "Optionally alias resolved value for use in formulas",
          "type": "string",
        },
        "propertyPath": {
          "description": "Path to property on target to resolve",
          "type": "string",
        },
        "required": {
          "description": "If true, operation won't execute if targeted property has no value",
          "type": "boolean",
        },
        "silent": {
          "description": "Not used in later formulas, only used to determine if operation should execute",
          "type": "boolean",
        },
        "targetKey": {
          "description": "Key of target this input depends on",
          "minLength": 1,
          "type": "string",
        },
      },
      "required": [
        "targetKey",
      ],
      "type": "object",
    },
    "Output": {
      "properties": {
        "property": {
          "default": "value",
          "type": "string",
        },
        "targetKey": {
          "minLength": 1,
          "type": "string",
        },
      },
      "required": [
        "targetKey",
      ],
      "type": "object",
    },
    "Query": {
      "properties": {
        "jsonPath": {
          "description": "
    Use JSONPath to search through the data for your intended options.
  ",
          "minLength": 1,
          "type": "string",
        },
      },
      "required": [
        "jsonPath",
      ],
      "type": "object",
    },
    "SearchData": {
      "properties": {
        "property": {
          "default": "value",
          "type": "string",
        },
        "targetKey": {
          "minLength": 1,
          "type": "string",
        },
      },
      "required": [
        "targetKey",
      ],
      "type": "object",
    },
  },
  "properties": {
    "creatorSummary": {
      "description": "A detailed summary of the operation",
      "type": "string",
    },
    "name": {
      "description": "Name of the operation",
      "type": "string",
    },
    "options": {
      "$ref": "#/definitions/AutocompleteOperationOptions",
    },
    "type": {
      "const": "AUTOCOMPLETE",
      "examples": [
        "AUTOCOMPLETE",
      ],
      "type": "string",
    },
  },
  "required": [
    "options",
  ],
  "type": "object",
}
`;
